// Jest Snapshot v1, https://goo.gl/fbAQLP

exports[`Accordion Component renders empty given no section 1`] = `<ul />`;

exports[`Accordion Component renders the first section by default 1`] = `
<ul>
  <li>
    <button
      onClick={[Function]}
    >
      Section 1
    </button>
  </li>
  <li>
    <button
      onClick={[Function]}
    >
      Section 2
    </button>
  </li>
  <li>
    <button
      onClick={[Function]}
    >
      Section 3
    </button>
  </li>
</ul>
`;

exports[`Tabs Component renders empty given no tabs 1`] = `<ul />`;

exports[`Tabs Component renders the first tab by default 1`] = `
<ul>
  <li>
    <button
      onClick={[Function]}
    >
      Section 1
    </button>
  </li>
  <li>
    <button
      onClick={[Function]}
    >
      Section 2
    </button>
  </li>
  <li>
    <button
      onClick={[Function]}
    >
      Section 3
    </button>
  </li>
</ul>
`;
